Microchip MPLAB XC8 Compiler V3.00

Linker command line:

-W-3 \
  --edf=C:/Program Files/Microchip/MPLABX/v6.25/packs/Microchip/PIC18F-Q_DFP/1.27.449/xc8\pic\dat\20250204174324_en.msgs \
  -cn -h+dist/default/production\PIC18F27Q84_BASIC.X.production.sym \
  --cmf=dist/default/production\PIC18F27Q84_BASIC.X.production.cmf -z \
  -Q18F27Q84 -oC:\Users\ENTERN~1\AppData\Local\Temp\xcAsh0s.\driver_tmp_3.o \
  --defsym=__MPLAB_BUILD=1 --fixupoverflow=error \
  -Mdist/default/production/PIC18F27Q84_BASIC.X.production.map \
  --md=C:\Users\ENTERN~1\AppData\Local\Temp\xcAsh0s.\driver_tmp_0.dat -E1 \
  -ver=XC8 Compiler -ACODE=00h-01FFFFh -ACONST=00h-01FFFFh \
  -ASMALLCONST=04000h-040FFhx192,014000h-0140FFhx192 \
  -AMEDIUMCONST=04000h-0FFFFh,014000h-01FFFFh -ACOMRAM=0501h-055Fh \
  -AABS1=0500h-036FFh -ABIGRAM=0501h-036FFh \
  -ARAM=0560h-05FFh,0600h-06FFhx49 -ABANK5=0560h-05FFh -ABANK6=0600h-06FFh \
  -ABANK7=0700h-07FFh -ABANK8=0800h-08FFh -ABANK9=0900h-09FFh \
  -ABANK10=0A00h-0AFFh -ABANK11=0B00h-0BFFh -ABANK12=0C00h-0CFFh \
  -ABANK13=0D00h-0DFFh -ABANK14=0E00h-0EFFh -ABANK15=0F00h-0FFFh \
  -ABANK16=01000h-010FFh -ABANK17=01100h-011FFh -ABANK18=01200h-012FFh \
  -ABANK19=01300h-013FFh -ABANK20=01400h-014FFh -ABANK21=01500h-015FFh \
  -ABANK22=01600h-016FFh -ABANK23=01700h-017FFh -ABANK24=01800h-018FFh \
  -ABANK25=01900h-019FFh -ABANK26=01A00h-01AFFh -ABANK27=01B00h-01BFFh \
  -ABANK28=01C00h-01CFFh -ABANK29=01D00h-01DFFh -ABANK30=01E00h-01EFFh \
  -ABANK31=01F00h-01FFFh -ABANK32=02000h-020FFh -ABANK33=02100h-021FFh \
  -ABANK34=02200h-022FFh -ABANK35=02300h-023FFh -ABANK36=02400h-024FFh \
  -ABANK37=02500h-025FFh -ABANK38=02600h-026FFh -ABANK39=02700h-027FFh \
  -ABANK40=02800h-028FFh -ABANK41=02900h-029FFh -ABANK42=02A00h-02AFFh \
  -ABANK43=02B00h-02BFFh -ABANK44=02C00h-02CFFh -ABANK45=02D00h-02DFFh \
  -ABANK46=02E00h-02EFFh -ABANK47=02F00h-02FFFh -ABANK48=03000h-030FFh \
  -ABANK49=03100h-031FFh -ABANK50=03200h-032FFh -ABANK51=03300h-033FFh \
  -ABANK52=03400h-034FFh -ABANK53=03500h-035FFh -ABANK54=03600h-036FFh \
  -ASFR=00h-0FFhx4,0400h-045Fh,0460h-04FFh,03700h-037FFhx9 \
  -ABIGSFR=00h-04FFh,03700h-03FFFh -ACONFIG=0300000h-0300023h \
  -AIDLOC=0200000h-020003Fh -AEEDATA=0380000h-03803FFh -peeprom_data=EEDATA \
  -preset_vec=00h -ppowerup=CODE,init -pramtop=04000h \
  -psmallconst=SMALLCONST -pmediumconst=MEDIUMCONST -pconst=CONST \
  -AFARRAM=00h-00h \
  -prdata=COMRAM,nvrram=COMRAM,nvbit=COMRAM,rbss=COMRAM,rbit=COMRAM \
  -pfarbss=FARRAM,fardata=FARRAM,nvFARRAM=FARRAM \
  -pintsave_regs=BIGRAM,bigbss=BIGRAM,bigdata=BIGRAM -pbss=RAM \
  -pidata=CODE,irdata=CODE,ibigdata=CODE,ifardata=CODE -prparam=COMRAM \
  C:\Users\ENTERN~1\AppData\Local\Temp\xcAsh0s.\driver_tmp_9.o \
  dist/default/production\PIC18F27Q84_BASIC.X.production.o 

Object code version is 3.11

Machine type is 18F27Q84



                Name                               Link     Load   Length Selector   Space Scale
C:\Users\ENTERN~1\AppData\Local\Temp\xcAsh0s.\driver_tmp_9.o
                config                           300000   300000       1F        0       4
                init                              1FFFC    1FFFC        4     FFFE       0
                reset_vec                             0        0        4        0       0
dist/default/production\PIC18F27Q84_BASIC.X.production.o
                config                           300000   300000       1F        0       4
                smallconst                         4000     4000       12     2000       0
                text26                             457C     457C        E     2009       0
                text25                             456E     456E        E     2009       0
                text24                             4560     4560        E     2009       0
                text23                             4180     4180       7E     2009       0
                text22                             44B4     44B4       14     2009       0
                text21                             458A     458A        A     2009       0
                text20                             40FA     40FA       86     2009       0
                text19                             44EC     44EC       12     2009       0
                text18                             445E     445E       22     2009       0
                text17                             4436     4436       28     2009       0
                text16                             44DA     44DA       12     2009       0
                text15                             42D6     42D6       54     2009       0
                text14                             44C8     44C8       12     2009       0
                text13                             432A     432A       52     2009       0
                text12                             449E     449E       16     2009       0
                text11                             4552     4552        E     2009       0
                text10                             4544     4544        E     2009       0
                text9                              4536     4536        E     2009       0
                text8                              426A     426A       6C     2009       0
                text7                              4528     4528        E     2009       0
                text6                              451A     451A        E     2009       0
                text5                              450C     450C        E     2009       0
                text4                              41FE     41FE       6C     2009       0
                text3                              4480     4480       1E     2009       0
                text2                              4012     4012       E8     2009       0
                text1                              43FE     43FE       38     2009       0
                text0                              437C     437C       44     2009       0
                cstackCOMRAM                        553      553        A      501       1
                bssBANK5                            560      560       18      560       1
                dataCOMRAM                          545      545        E      501       1
                bssCOMRAM                           501      501       32      501       1
                cinit                              43C0     43C0       3E     2009       0
                nvCOMRAM                            533      533       12      501       1
                idataCOMRAM                        44FE     44FE        E     2009       0

TOTAL           Name                               Link     Load   Length     Space
        CLASS   CODE           
                init                              1FFFC    1FFFC        4         0
                reset_vec                             0        0        4         0
                text26                             457C     457C        E         0
                text25                             456E     456E        E         0
                text24                             4560     4560        E         0
                text23                             4180     4180       7E         0
                text22                             44B4     44B4       14         0
                text21                             458A     458A        A         0
                text20                             40FA     40FA       86         0
                text19                             44EC     44EC       12         0
                text18                             445E     445E       22         0
                text17                             4436     4436       28         0
                text16                             44DA     44DA       12         0
                text15                             42D6     42D6       54         0
                text14                             44C8     44C8       12         0
                text13                             432A     432A       52         0
                text12                             449E     449E       16         0
                text11                             4552     4552        E         0
                text10                             4544     4544        E         0
                text9                              4536     4536        E         0
                text8                              426A     426A       6C         0
                text7                              4528     4528        E         0
                text6                              451A     451A        E         0
                text5                              450C     450C        E         0
                text4                              41FE     41FE       6C         0
                text3                              4480     4480       1E         0
                text2                              4012     4012       E8         0
                text1                              43FE     43FE       38         0
                text0                              437C     437C       44         0
                cinit                              43C0     43C0       3E         0
                idataCOMRAM                        44FE     44FE        E         0

        CLASS   CONST          

        CLASS   SMALLCONST     
                smallconst                         4000     4000       12         0

        CLASS   MEDIUMCONST    

        CLASS   COMRAM         
                cstackCOMRAM                        553      553        A         1
                dataCOMRAM                          545      545        E         1
                bssCOMRAM                           501      501       32         1
                nvCOMRAM                            533      533       12         1

        CLASS   ABS1           

        CLASS   BIGRAM         

        CLASS   RAM            

        CLASS   BANK5          
                bssBANK5                            560      560       18         1

        CLASS   BANK6          

        CLASS   BANK7          

        CLASS   BANK8          

        CLASS   BANK9          

        CLASS   BANK10         

        CLASS   BANK11         

        CLASS   BANK12         

        CLASS   BANK13         

        CLASS   BANK14         

        CLASS   BANK15         

        CLASS   BANK16         

        CLASS   BANK17         

        CLASS   BANK18         

        CLASS   BANK19         

        CLASS   BANK20         

        CLASS   BANK21         

        CLASS   BANK22         

        CLASS   BANK23         

        CLASS   BANK24         

        CLASS   BANK25         

        CLASS   BANK26         

        CLASS   BANK27         

        CLASS   BANK28         

        CLASS   BANK29         

        CLASS   BANK30         

        CLASS   BANK31         

        CLASS   BANK32         

        CLASS   BANK33         

        CLASS   BANK34         

        CLASS   BANK35         

        CLASS   BANK36         

        CLASS   BANK37         

        CLASS   BANK38         

        CLASS   BANK39         

        CLASS   BANK40         

        CLASS   BANK41         

        CLASS   BANK42         

        CLASS   BANK43         

        CLASS   BANK44         

        CLASS   BANK45         

        CLASS   BANK46         

        CLASS   BANK47         

        CLASS   BANK48         

        CLASS   BANK49         

        CLASS   BANK50         

        CLASS   BANK51         

        CLASS   BANK52         

        CLASS   BANK53         

        CLASS   BANK54         

        CLASS   SFR            

        CLASS   BIGSFR         

        CLASS   CONFIG         
                config                           300000   300000       1F         4

        CLASS   IDLOC          

        CLASS   EEDATA         

        CLASS   FARRAM         

        CLASS   HEAP           

        CLASS   STACK          



SEGMENTS        Name                           Load    Length   Top    Selector   Space  Class

                reset_vec                      000000  000004  000004         0       0  CODE    
                bssCOMRAM                      000501  00005C  00055D       501       1  COMRAM  
                bssBANK5                       000560  000018  000578       560       1  BANK5   
                smallconst                     004000  000012  004012      2000       0  SMALLCON
                text2                          004012  000582  004594      2009       0  CODE    
                init                           01FFFC  000004  020000      FFFE       0  CODE    


UNUSED ADDRESS RANGES

        Name                Unused          Largest block    Delta
        BANK10           000A00-000AFF              100
        BANK11           000B00-000BFF              100
        BANK12           000C00-000CFF              100
        BANK13           000D00-000DFF              100
        BANK14           000E00-000EFF              100
        BANK15           000F00-000FFF              100
        BANK16           001000-0010FF              100
        BANK17           001100-0011FF              100
        BANK18           001200-0012FF              100
        BANK19           001300-0013FF              100
        BANK20           001400-0014FF              100
        BANK21           001500-0015FF              100
        BANK22           001600-0016FF              100
        BANK23           001700-0017FF              100
        BANK24           001800-0018FF              100
        BANK25           001900-0019FF              100
        BANK26           001A00-001AFF              100
        BANK27           001B00-001BFF              100
        BANK28           001C00-001CFF              100
        BANK29           001D00-001DFF              100
        BANK30           001E00-001EFF              100
        BANK31           001F00-001FFF              100
        BANK32           002000-0020FF              100
        BANK33           002100-0021FF              100
        BANK34           002200-0022FF              100
        BANK35           002300-0023FF              100
        BANK36           002400-0024FF              100
        BANK37           002500-0025FF              100
        BANK38           002600-0026FF              100
        BANK39           002700-0027FF              100
        BANK40           002800-0028FF              100
        BANK41           002900-0029FF              100
        BANK42           002A00-002AFF              100
        BANK43           002B00-002BFF              100
        BANK44           002C00-002CFF              100
        BANK45           002D00-002DFF              100
        BANK46           002E00-002EFF              100
        BANK47           002F00-002FFF              100
        BANK48           003000-0030FF              100
        BANK49           003100-0031FF              100
        BANK5            000578-0005FF               88
        BANK50           003200-0032FF              100
        BANK51           003300-0033FF              100
        BANK52           003400-0034FF              100
        BANK53           003500-0035FF              100
        BANK54           003600-0036FF              100
        BANK6            000600-0006FF              100
        BANK7            000700-0007FF              100
        BANK8            000800-0008FF              100
        BANK9            000900-0009FF              100
        BIGRAM           00055D-00055F                3
                         000578-0036FF             3188
        BIGSFR           000000-0004FF              500
                         003700-003FFF              900
        CODE             000004-003FFF             3FFC
                         004594-01FFFB            1BA68
        COMRAM           00055D-00055F                3
        CONFIG           30001F-300023                5
        CONST            000004-003FFF             3FFC
                         004594-01FFFB            1BA68
        EEDATA           380000-3803FF              400
        IDLOC            200000-20003F               40
        MEDIUMCONST      004594-00FFFF             BA6C
                         014000-01FFFB             BFFC
        RAM              000578-0036FF              100
        SFR              000000-0004FF              100
                         003700-003FFF              100
        SMALLCONST       004594-00FFFF              100
                         014000-01FFFB              100

                                  Symbol Table

ADC_SetADIInterruptHandler@InterruptHandler                   cstackCOMRAM 000553
ADC_SetActiveClockTuningInterruptHandler@InterruptHandler     cstackCOMRAM 000553
ADC_SetContext1ThresholdInterruptHandler@InterruptHandler     cstackCOMRAM 000553
CAN1_OperationModeSet@opMode                                  cstackCOMRAM 000553
CAN1_OperationModeSet@requestMode                             cstackCOMRAM 000555
CAN1_OperationModeSet@status                                  cstackCOMRAM 000554
CAN1_RX_FIFO_ResetInfo@index                                  cstackCOMRAM 000553
PWM1_16BIT_Period_SetInterruptHandler@InterruptHandler        cstackCOMRAM 000553
PWM1_16BIT_Slice1Output1_SetInterruptHandler@InterruptHandler cstackCOMRAM 000553
PWM1_16BIT_Slice1Output2_SetInterruptHandler@InterruptHandler cstackCOMRAM 000553
PWM2_16BIT_Period_SetInterruptHandler@InterruptHandler        cstackCOMRAM 000553
PWM2_16BIT_Slice1Output1_SetInterruptHandler@InterruptHandler cstackCOMRAM 000553
PWM2_16BIT_Slice1Output2_SetInterruptHandler@InterruptHandler cstackCOMRAM 000553
_ADACCH                                                       (abs)        0003E4
_ADACCL                                                       (abs)        0003E3
_ADACCU                                                       (abs)        0003E5
_ADACQH                                                       (abs)        0003EF
_ADACQL                                                       (abs)        0003EE
_ADACT                                                        (abs)        0003F9
_ADCAP                                                        (abs)        0003F0
_ADCLK                                                        (abs)        0003FA
_ADCNT                                                        (abs)        0003E6
_ADCON0                                                       (abs)        0003F3
_ADCON0bits                                                   (abs)        0003F3
_ADCON1                                                       (abs)        0003F4
_ADCON1bits                                                   (abs)        0003F4
_ADCON2                                                       (abs)        0003F5
_ADCON2bits                                                   (abs)        0003F5
_ADCON3                                                       (abs)        0003F6
_ADCON3bits                                                   (abs)        0003F6
_ADCP                                                         (abs)        0003D8
_ADCPbits                                                     (abs)        0003D8
_ADCSEL1                                                      (abs)        0003FC
_ADCSEL1bits                                                  (abs)        0003FC
_ADCTX                                                        (abs)        0003FB
_ADC_ActiveClockTuning_ISR                                    nvCOMRAM     00053C
_ADC_Context1Thereshld_ISR                                    nvCOMRAM     00053F
_ADC_ConversionComplete_ISR                                   nvCOMRAM     000542
_ADC_DefaultADI_ISR                                           (abs)        000000
_ADC_DefaultActiveClockTuning_ISR                             (abs)        000000
_ADC_DefaultContext1Threshold_ISR                             (abs)        000000
_ADC_Initialize                                               text23       004180
_ADC_SetADIInterruptHandler                                   text26       00457C
_ADC_SetActiveClockTuningInterruptHandler                     text25       00456E
_ADC_SetContext1ThresholdInterruptHandler                     text24       004560
_ADERRH                                                       (abs)        0003DE
_ADERRL                                                       (abs)        0003DD
_ADFLTRH                                                      (abs)        0003E2
_ADFLTRL                                                      (abs)        0003E1
_ADLTHH                                                       (abs)        0003DA
_ADLTHL                                                       (abs)        0003D9
_ADPCH                                                        (abs)        0003EC
_ADPREH                                                       (abs)        0003F2
_ADPREL                                                       (abs)        0003F1
_ADPREVH                                                      (abs)        0003E9
_ADPREVL                                                      (abs)        0003E8
_ADREF                                                        (abs)        0003F8
_ADRESH                                                       (abs)        0003EB
_ADRESL                                                       (abs)        0003EA
_ADRPT                                                        (abs)        0003E7
_ADSTAT                                                       (abs)        0003F7
_ADSTATbits                                                   (abs)        0003F7
_ADSTPTH                                                      (abs)        0003E0
_ADSTPTL                                                      (abs)        0003DF
_ADUTHH                                                       (abs)        0003DC
_ADUTHL                                                       (abs)        0003DB
_ANSELA                                                       (abs)        000400
_ANSELB                                                       (abs)        000408
_ANSELC                                                       (abs)        000410
_C1CONH                                                       (abs)        000101
_C1CONHbits                                                   (abs)        000101
_C1CONL                                                       (abs)        000100
_C1CONTbits                                                   (abs)        000103
_C1CONU                                                       (abs)        000102
_C1CONUbits                                                   (abs)        000102
_C1FIFOBA                                                     (abs)        00014C
_C1FIFOCON1H                                                  (abs)        00015D
_C1FIFOCON1L                                                  (abs)        00015C
_C1FIFOCON1T                                                  (abs)        00015F
_C1FIFOCON1U                                                  (abs)        00015E
_C1FLTCON0L                                                   (abs)        000180
_C1FLTOBJ0H                                                   (abs)        00018D
_C1FLTOBJ0L                                                   (abs)        00018C
_C1FLTOBJ0T                                                   (abs)        00018F
_C1FLTOBJ0U                                                   (abs)        00018E
_C1INTHbits                                                   (abs)        00011D
_C1INTTbits                                                   (abs)        00011F
_C1MASK0H                                                     (abs)        000191
_C1MASK0L                                                     (abs)        000190
_C1MASK0T                                                     (abs)        000193
_C1MASK0U                                                     (abs)        000192
_C1NBTCFGH                                                    (abs)        000105
_C1NBTCFGL                                                    (abs)        000104
_C1NBTCFGT                                                    (abs)        000107
_C1NBTCFGU                                                    (abs)        000106
_C1TRECUbits                                                  (abs)        000136
_C1TXQCONH                                                    (abs)        000151
_C1TXQCONL                                                    (abs)        000150
_C1TXQCONT                                                    (abs)        000153
_C1TXQCONU                                                    (abs)        000152
_CAN1_BitRateConfiguration                                    text22       0044B4
_CAN1_Initialize                                              text15       0042D6
_CAN1_OperationModeGet                                        text21       00458A
_CAN1_OperationModeSet                                        text20       0040FA
_CAN1_RX_FIFO_Configuration                                   text19       0044EC
_CAN1_RX_FIFO_FilterMaskConfiguration                         text18       00445E
_CAN1_RX_FIFO_ResetInfo                                       text17       004436
_CAN1_TX_FIFO_Configuration                                   text16       0044DA
_CANRXPPS                                                     (abs)        00023D
_DLC_BYTES                                                    smallconst   004001
_DUTY_CYCLE_STEP                                              smallconst   00400A
_INLVLA                                                       (abs)        000404
_INLVLB                                                       (abs)        00040C
_INLVLC                                                       (abs)        000414
_INLVLE                                                       (abs)        000424
_I_pv                                                         bssCOMRAM    000505
_LATA                                                         (abs)        0004BE
_LATB                                                         (abs)        0004BF
_LATC                                                         (abs)        0004C0
_LATCbits                                                     (abs)        0004C0
_ODCONA                                                       (abs)        000402
_ODCONB                                                       (abs)        00040A
_ODCONC                                                       (abs)        000412
_OSCCON1                                                      (abs)        0000AD
_OSCCON3                                                      (abs)        0000AF
_OSCEN                                                        (abs)        0000B3
_OSCFRQ                                                       (abs)        0000B1
_OSCILLATOR_Initialize                                        text14       0044C8
_OSCTUNE                                                      (abs)        0000B0
_PIE4bits                                                     (abs)        0004A2
_PIE5bits                                                     (abs)        0004A3
_PIN_MANAGER_Initialize                                       text13       00432A
_PIR1bits                                                     (abs)        0004AF
_PIR2bits                                                     (abs)        0004B0
_PIR4bits                                                     (abs)        0004B2
_PIR5bits                                                     (abs)        0004B3
_PMD0                                                         (abs)        000060
_PMD1                                                         (abs)        000061
_PMD2                                                         (abs)        000062
_PMD3                                                         (abs)        000063
_PMD4                                                         (abs)        000064
_PMD5                                                         (abs)        000065
_PMD6                                                         (abs)        000066
_PMD7                                                         (abs)        000067
_PMD8                                                         (abs)        000068
_PMD_Initialize                                               text12       00449E
_PWM1CLK                                                      (abs)        000461
_PWM1CON                                                      (abs)        000469
_PWM1CONbits                                                  (abs)        000469
_PWM1CPRE                                                     (abs)        000465
_PWM1ERS                                                      (abs)        000460
_PWM1GIE                                                      (abs)        000468
_PWM1GIEbits                                                  (abs)        000468
_PWM1GIR                                                      (abs)        000467
_PWM1GIRbits                                                  (abs)        000467
_PWM1LDS                                                      (abs)        000462
_PWM1PIPOS                                                    (abs)        000466
_PWM1PRH                                                      (abs)        000464
_PWM1PRL                                                      (abs)        000463
_PWM1S1CFG                                                    (abs)        00046A
_PWM1S1P1H                                                    (abs)        00046C
_PWM1S1P1L                                                    (abs)        00046B
_PWM1S1P2H                                                    (abs)        00046E
_PWM1S1P2L                                                    (abs)        00046D
_PWM1_16BIT_Initialize                                        text8        00426A
_PWM1_16BIT_Period_DefaultInterruptHandler                    (abs)        000000
_PWM1_16BIT_Period_InterruptHandler                           bssCOMRAM    000511
_PWM1_16BIT_Period_SetInterruptHandler                        text11       004552
_PWM1_16BIT_Slice1Output1_DefaultInterruptHandler             (abs)        000000
_PWM1_16BIT_Slice1Output1_InterruptHandler                    bssCOMRAM    000517
_PWM1_16BIT_Slice1Output1_SetInterruptHandler                 text10       004544
_PWM1_16BIT_Slice1Output2_DefaultInterruptHandler             (abs)        000000
_PWM1_16BIT_Slice1Output2_InterruptHandler                    bssCOMRAM    000514
_PWM1_16BIT_Slice1Output2_SetInterruptHandler                 text9        004536
_PWM2CLK                                                      (abs)        000470
_PWM2CON                                                      (abs)        000478
_PWM2CONbits                                                  (abs)        000478
_PWM2CPRE                                                     (abs)        000474
_PWM2ERS                                                      (abs)        00046F
_PWM2GIE                                                      (abs)        000477
_PWM2GIEbits                                                  (abs)        000477
_PWM2GIR                                                      (abs)        000476
_PWM2GIRbits                                                  (abs)        000476
_PWM2LDS                                                      (abs)        000471
_PWM2PIPOS                                                    (abs)        000475
_PWM2PRH                                                      (abs)        000473
_PWM2PRL                                                      (abs)        000472
_PWM2S1CFG                                                    (abs)        000479
_PWM2S1P1H                                                    (abs)        00047B
_PWM2S1P1L                                                    (abs)        00047A
_PWM2S1P2H                                                    (abs)        00047D
_PWM2S1P2L                                                    (abs)        00047C
_PWM2_16BIT_Initialize                                        text4        0041FE
_PWM2_16BIT_Period_DefaultInterruptHandler                    (abs)        000000
_PWM2_16BIT_Period_InterruptHandler                           nvCOMRAM     000533
_PWM2_16BIT_Period_SetInterruptHandler                        text7        004528
_PWM2_16BIT_Slice1Output1_DefaultInterruptHandler             (abs)        000000
_PWM2_16BIT_Slice1Output1_InterruptHandler                    nvCOMRAM     000539
_PWM2_16BIT_Slice1Output1_SetInterruptHandler                 text6        00451A
_PWM2_16BIT_Slice1Output2_DefaultInterruptHandler             (abs)        000000
_PWM2_16BIT_Slice1Output2_InterruptHandler                    nvCOMRAM     000536
_PWM2_16BIT_Slice1Output2_SetInterruptHandler                 text5        00450C
_P_prev                                                       dataCOMRAM   000549
_P_pv                                                         bssCOMRAM    000501
_RB0PPS                                                       (abs)        000209
_RB1PPS                                                       (abs)        00020A
_RB2PPS                                                       (abs)        00020B
_SLRCONA                                                      (abs)        000403
_SLRCONB                                                      (abs)        00040B
_SLRCONC                                                      (abs)        000413
_SYSTEM_Initialize                                            text3        004480
_TRISA                                                        (abs)        0004C6
_TRISB                                                        (abs)        0004C7
_TRISC                                                        (abs)        0004C8
_TRISE                                                        (abs)        0004CA
_V_bat                                                        bssCOMRAM    00050D
_V_prev                                                       dataCOMRAM   00054D
_V_pv                                                         bssCOMRAM    000509
_WPUA                                                         (abs)        000401
_WPUB                                                         (abs)        000409
_WPUC                                                         (abs)        000411
_WPUE                                                         (abs)        000421
__HRAM                                                        (abs)        000000
__H__absolute__                                               __absolute__ 000000
__Habs1                                                       abs1         000000
__Hbank10                                                     bank10       000000
__Hbank11                                                     bank11       000000
__Hbank12                                                     bank12       000000
__Hbank13                                                     bank13       000000
__Hbank14                                                     bank14       000000
__Hbank15                                                     bank15       000000
__Hbank16                                                     bank16       000000
__Hbank17                                                     bank17       000000
__Hbank18                                                     bank18       000000
__Hbank19                                                     bank19       000000
__Hbank20                                                     bank20       000000
__Hbank21                                                     bank21       000000
__Hbank22                                                     bank22       000000
__Hbank23                                                     bank23       000000
__Hbank24                                                     bank24       000000
__Hbank25                                                     bank25       000000
__Hbank26                                                     bank26       000000
__Hbank27                                                     bank27       000000
__Hbank28                                                     bank28       000000
__Hbank29                                                     bank29       000000
__Hbank30                                                     bank30       000000
__Hbank31                                                     bank31       000000
__Hbank32                                                     bank32       000000
__Hbank33                                                     bank33       000000
__Hbank34                                                     bank34       000000
__Hbank35                                                     bank35       000000
__Hbank36                                                     bank36       000000
__Hbank37                                                     bank37       000000
__Hbank38                                                     bank38       000000
__Hbank39                                                     bank39       000000
__Hbank40                                                     bank40       000000
__Hbank41                                                     bank41       000000
__Hbank42                                                     bank42       000000
__Hbank43                                                     bank43       000000
__Hbank44                                                     bank44       000000
__Hbank45                                                     bank45       000000
__Hbank46                                                     bank46       000000
__Hbank47                                                     bank47       000000
__Hbank48                                                     bank48       000000
__Hbank49                                                     bank49       000000
__Hbank5                                                      bank5        000000
__Hbank50                                                     bank50       000000
__Hbank51                                                     bank51       000000
__Hbank52                                                     bank52       000000
__Hbank53                                                     bank53       000000
__Hbank54                                                     bank54       000000
__Hbank6                                                      bank6        000000
__Hbank7                                                      bank7        000000
__Hbank8                                                      bank8        000000
__Hbank9                                                      bank9        000000
__Hbigbss                                                     bigbss       000000
__Hbigdata                                                    bigdata      000000
__Hbigram                                                     bigram       000000
__Hbigsfr                                                     bigsfr       000000
__Hbss                                                        bss          000000
__HbssBANK5                                                   bssBANK5     000000
__HbssCOMRAM                                                  bssCOMRAM    000000
__Hcinit                                                      cinit        000000
__Hclrtext                                                    clrtext      000000
__Hcomram                                                     comram       000000
__Hconfig                                                     config       30001F
__Hconst                                                      const        000000
__HcstackCOMRAM                                               cstackCOMRAM 000000
__Hdata                                                       data         000000
__HdataCOMRAM                                                 dataCOMRAM   000000
__Heeprom_data                                                eeprom_data  000000
__Hfarbss                                                     farbss       000000
__Hfardata                                                    fardata      000000
__Hheap                                                       heap         000000
__Hibigdata                                                   ibigdata     000000
__Hidata                                                      idata        000000
__HidataCOMRAM                                                idataCOMRAM  000000
__Hidloc                                                      idloc        000000
__Hifardata                                                   ifardata     000000
__Hinit                                                       init         020000
__Hintsave_regs                                               intsave_regs 000000
__Hirdata                                                     irdata       000000
__Hmediumconst                                                mediumconst  000000
__HnvCOMRAM                                                   nvCOMRAM     000000
__HnvFARRAM                                                   nvFARRAM     000000
__Hnvbit                                                      nvbit        000000
__Hnvrram                                                     nvrram       000000
__Hparam                                                      rparam       000000
__Hpowerup                                                    powerup      000000
__Hram                                                        ram          000000
__Hramtop                                                     ramtop       004000
__Hrbit                                                       rbit         000000
__Hrbss                                                       rbss         000000
__Hrdata                                                      rdata        000000
__Hreset_vec                                                  reset_vec    000004
__Hrparam                                                     rparam       000000
__Hsfr                                                        sfr          000000
__Hsmallconst                                                 smallconst   004012
__Hspace_0                                                    (abs)        020000
__Hspace_1                                                    (abs)        000578
__Hspace_2                                                    (abs)        000000
__Hspace_4                                                    (abs)        60001F
__Hstack                                                      stack        000000
__Hstruct                                                     struct       000000
__Htemp                                                       temp         000000
__Htext                                                       text         000000
__Htext0                                                      text0        000000
__Htext1                                                      text1        000000
__Htext10                                                     text10       000000
__Htext11                                                     text11       000000
__Htext12                                                     text12       000000
__Htext13                                                     text13       000000
__Htext14                                                     text14       000000
__Htext15                                                     text15       000000
__Htext16                                                     text16       000000
__Htext17                                                     text17       000000
__Htext18                                                     text18       000000
__Htext19                                                     text19       000000
__Htext2                                                      text2        000000
__Htext20                                                     text20       000000
__Htext21                                                     text21       000000
__Htext22                                                     text22       000000
__Htext23                                                     text23       000000
__Htext24                                                     text24       000000
__Htext25                                                     text25       000000
__Htext26                                                     text26       000000
__Htext3                                                      text3        000000
__Htext4                                                      text4        000000
__Htext5                                                      text5        000000
__Htext6                                                      text6        000000
__Htext7                                                      text7        000000
__Htext8                                                      text8        000000
__Htext9                                                      text9        000000
__LRAM                                                        (abs)        000001
__L__absolute__                                               __absolute__ 000000
__Labs1                                                       abs1         000000
__Lbank10                                                     bank10       000000
__Lbank11                                                     bank11       000000
__Lbank12                                                     bank12       000000
__Lbank13                                                     bank13       000000
__Lbank14                                                     bank14       000000
__Lbank15                                                     bank15       000000
__Lbank16                                                     bank16       000000
__Lbank17                                                     bank17       000000
__Lbank18                                                     bank18       000000
__Lbank19                                                     bank19       000000
__Lbank20                                                     bank20       000000
__Lbank21                                                     bank21       000000
__Lbank22                                                     bank22       000000
__Lbank23                                                     bank23       000000
__Lbank24                                                     bank24       000000
__Lbank25                                                     bank25       000000
__Lbank26                                                     bank26       000000
__Lbank27                                                     bank27       000000
__Lbank28                                                     bank28       000000
__Lbank29                                                     bank29       000000
__Lbank30                                                     bank30       000000
__Lbank31                                                     bank31       000000
__Lbank32                                                     bank32       000000
__Lbank33                                                     bank33       000000
__Lbank34                                                     bank34       000000
__Lbank35                                                     bank35       000000
__Lbank36                                                     bank36       000000
__Lbank37                                                     bank37       000000
__Lbank38                                                     bank38       000000
__Lbank39                                                     bank39       000000
__Lbank40                                                     bank40       000000
__Lbank41                                                     bank41       000000
__Lbank42                                                     bank42       000000
__Lbank43                                                     bank43       000000
__Lbank44                                                     bank44       000000
__Lbank45                                                     bank45       000000
__Lbank46                                                     bank46       000000
__Lbank47                                                     bank47       000000
__Lbank48                                                     bank48       000000
__Lbank49                                                     bank49       000000
__Lbank5                                                      bank5        000000
__Lbank50                                                     bank50       000000
__Lbank51                                                     bank51       000000
__Lbank52                                                     bank52       000000
__Lbank53                                                     bank53       000000
__Lbank54                                                     bank54       000000
__Lbank6                                                      bank6        000000
__Lbank7                                                      bank7        000000
__Lbank8                                                      bank8        000000
__Lbank9                                                      bank9        000000
__Lbigbss                                                     bigbss       000000
__Lbigdata                                                    bigdata      000000
__Lbigram                                                     bigram       000000
__Lbigsfr                                                     bigsfr       000000
__Lbss                                                        bss          000000
__LbssBANK5                                                   bssBANK5     000000
__LbssCOMRAM                                                  bssCOMRAM    000000
__Lcinit                                                      cinit        000000
__Lclrtext                                                    clrtext      000000
__Lcomram                                                     comram       000000
__Lconfig                                                     config       000000
__Lconst                                                      const        000000
__LcstackCOMRAM                                               cstackCOMRAM 000000
__Ldata                                                       data         000000
__LdataCOMRAM                                                 dataCOMRAM   000000
__Leeprom_data                                                eeprom_data  000000
__Lfarbss                                                     farbss       000000
__Lfardata                                                    fardata      000000
__Lheap                                                       heap         000000
__Libigdata                                                   ibigdata     000000
__Lidata                                                      idata        000000
__LidataCOMRAM                                                idataCOMRAM  000000
__Lidloc                                                      idloc        000000
__Lifardata                                                   ifardata     000000
__Linit                                                       init         01FFFC
__Lintsave_regs                                               intsave_regs 000000
__Lirdata                                                     irdata       000000
__Lmediumconst                                                mediumconst  000000
__LnvCOMRAM                                                   nvCOMRAM     000000
__LnvFARRAM                                                   nvFARRAM     000000
__Lnvbit                                                      nvbit        000000
__Lnvrram                                                     nvrram       000000
__Lparam                                                      rparam       000000
__Lpowerup                                                    powerup      000000
__Lram                                                        ram          000000
__Lramtop                                                     ramtop       004000
__Lrbit                                                       rbit         000000
__Lrbss                                                       rbss         000000
__Lrdata                                                      rdata        000000
__Lreset_vec                                                  reset_vec    000000
__Lrparam                                                     rparam       000000
__Lsfr                                                        sfr          000000
__Lsmallconst                                                 smallconst   004000
__Lspace_0                                                    (abs)        000000
__Lspace_1                                                    (abs)        000000
__Lspace_2                                                    (abs)        000000
__Lspace_4                                                    (abs)        000000
__Lstack                                                      stack        000000
__Lstruct                                                     struct       000000
__Ltemp                                                       temp         000000
__Ltext                                                       text         000000
__Ltext0                                                      text0        000000
__Ltext1                                                      text1        000000
__Ltext10                                                     text10       000000
__Ltext11                                                     text11       000000
__Ltext12                                                     text12       000000
__Ltext13                                                     text13       000000
__Ltext14                                                     text14       000000
__Ltext15                                                     text15       000000
__Ltext16                                                     text16       000000
__Ltext17                                                     text17       000000
__Ltext18                                                     text18       000000
__Ltext19                                                     text19       000000
__Ltext2                                                      text2        000000
__Ltext20                                                     text20       000000
__Ltext21                                                     text21       000000
__Ltext22                                                     text22       000000
__Ltext23                                                     text23       000000
__Ltext24                                                     text24       000000
__Ltext25                                                     text25       000000
__Ltext26                                                     text26       000000
__Ltext3                                                      text3        000000
__Ltext4                                                      text4        000000
__Ltext5                                                      text5        000000
__Ltext6                                                      text6        000000
__Ltext7                                                      text7        000000
__Ltext8                                                      text8        000000
__Ltext9                                                      text9        000000
__S0                                                          (abs)        020000
__S1                                                          (abs)        000578
__S4                                                          (abs)        000000
__S5                                                          (abs)        000000
___heap_hi                                                    (abs)        000000
___heap_lo                                                    (abs)        000000
___inthi_sp                                                   stack        000000
___inthi_stack_hi                                             stack        000000
___inthi_stack_lo                                             stack        000000
___intlo_sp                                                   stack        000000
___intlo_stack_hi                                             stack        000000
___intlo_stack_lo                                             stack        000000
___param_bank                                                 (abs)        000000
___rparam_used                                                (abs)        000001
___sp                                                         stack        000000
___stack_hi                                                   stack        000000
___stack_lo                                                   stack        000000
__accesstop                                                   (abs)        000560
__activetblptr                                                (abs)        000003
__end_of_ADC_Initialize                                       text23       0041FE
__end_of_ADC_SetADIInterruptHandler                           text26       00458A
__end_of_ADC_SetActiveClockTuningInterruptHandler             text25       00457C
__end_of_ADC_SetContext1ThresholdInterruptHandler             text24       00456E
__end_of_CAN1_BitRateConfiguration                            text22       0044C8
__end_of_CAN1_Initialize                                      text15       00432A
__end_of_CAN1_OperationModeGet                                text21       004594
__end_of_CAN1_OperationModeSet                                text20       004180
__end_of_CAN1_RX_FIFO_Configuration                           text19       0044FE
__end_of_CAN1_RX_FIFO_FilterMaskConfiguration                 text18       004480
__end_of_CAN1_RX_FIFO_ResetInfo                               text17       00445E
__end_of_CAN1_TX_FIFO_Configuration                           text16       0044EC
__end_of_DLC_BYTES                                            smallconst   00400A
__end_of_DUTY_CYCLE_STEP                                      smallconst   00400E
__end_of_FIFO                                                 smallconst   004010
__end_of_OSCILLATOR_Initialize                                text14       0044DA
__end_of_PIN_MANAGER_Initialize                               text13       00437C
__end_of_PMD_Initialize                                       text12       0044B4
__end_of_PWM1_16BIT_Initialize                                text8        0042D6
__end_of_PWM1_16BIT_Period_SetInterruptHandler                text11       004560
__end_of_PWM1_16BIT_Slice1Output1_SetInterruptHandler         text10       004552
__end_of_PWM1_16BIT_Slice1Output2_SetInterruptHandler         text9        004544
__end_of_PWM2_16BIT_Initialize                                text4        00426A
__end_of_PWM2_16BIT_Period_SetInterruptHandler                text7        004536
__end_of_PWM2_16BIT_Slice1Output1_SetInterruptHandler         text6        004528
__end_of_PWM2_16BIT_Slice1Output2_SetInterruptHandler         text5        00451A
__end_of_SYSTEM_Initialize                                    text3        00449E
__end_of__initialization                                      cinit        0043F8
__end_of_led_test                                             text2        0040FA
__end_of_main                                                 text0        0043C0
__end_of_memset                                               text1        004436
__initialization                                              cinit        0043C0
__mediumconst                                                 smallconst   004000
__pbssBANK5                                                   bssBANK5     000560
__pbssCOMRAM                                                  bssCOMRAM    000501
__pcinit                                                      cinit        0043C0
__pcstackCOMRAM                                               cstackCOMRAM 000553
__pdataCOMRAM                                                 dataCOMRAM   000545
__pidataCOMRAM                                                idataCOMRAM  0044FE
__pnvCOMRAM                                                   nvCOMRAM     000533
__psmallconst                                                 smallconst   004000
__ptext0                                                      text0        00437C
__ptext1                                                      text1        0043FE
__ptext10                                                     text10       004544
__ptext11                                                     text11       004552
__ptext12                                                     text12       00449E
__ptext13                                                     text13       00432A
__ptext14                                                     text14       0044C8
__ptext15                                                     text15       0042D6
__ptext16                                                     text16       0044DA
__ptext17                                                     text17       004436
__ptext18                                                     text18       00445E
__ptext19                                                     text19       0044EC
__ptext2                                                      text2        004012
__ptext20                                                     text20       0040FA
__ptext21                                                     text21       00458A
__ptext22                                                     text22       0044B4
__ptext23                                                     text23       004180
__ptext24                                                     text24       004560
__ptext25                                                     text25       00456E
__ptext26                                                     text26       00457C
__ptext3                                                      text3        004480
__ptext4                                                      text4        0041FE
__ptext5                                                      text5        00450C
__ptext6                                                      text6        00451A
__ptext7                                                      text7        004528
__ptext8                                                      text8        00426A
__ptext9                                                      text9        004536
__ramtop                                                      ramtop       004000
__smallconst                                                  smallconst   004000
_duty_cycle                                                   dataCOMRAM   000545
_led_test                                                     text2        004012
_led_test$1726                                                cstackCOMRAM 000555
_led_test$1727                                                cstackCOMRAM 000557
_main                                                         text0        00437C
_max_duty                                                     bssBANK5     00056C
_memset                                                       text1        0043FE
_min_duty                                                     bssBANK5     000568
_msg_rx                                                       bssCOMRAM    000525
_msg_tx                                                       bssCOMRAM    00052C
_nrMsg                                                        bssCOMRAM    00051A
_rxFifos                                                      dataCOMRAM   000551
_rxMsgData                                                    bssBANK5     000570
_rx_buff                                                      bssBANK5     000560
_tx_data                                                      bssCOMRAM    00051D
_tx_status                                                    bssCOMRAM    00051B
_tx_success                                                   bssCOMRAM    00051C
end_of_initialization                                         cinit        0043F8
intlevel0                                                     text         000000
intlevel1                                                     text         000000
intlevel2                                                     text         000000
intlevel3                                                     text         000000
isa$std                                                       (abs)        000001
isa$xinst                                                     (abs)        000000
memset@c                                                      cstackCOMRAM 000555
memset@dest                                                   cstackCOMRAM 000553
memset@n                                                      cstackCOMRAM 000557
memset@p                                                      cstackCOMRAM 000559
stackhi                                                       (abs)        000000
stacklo                                                       (abs)        000000
start                                                         init         01FFFC
start_initialization                                          cinit        0043C0


MODULE INFORMATION

Module		Function		Class		Link	Load	Size
mcc_generated_files/can1.c
		_CAN1_BitRateConfiguration		CODE           	44B4	0000	20
		_CAN1_TX_FIFO_Configuration		CODE           	44DA	0000	18
		_CAN1_OperationModeGet		CODE           	458A	0000	10
		_CAN1_Initialize		CODE           	42D6	0000	84
		_CAN1_RX_FIFO_FilterMaskConfiguration		CODE           	445E	0000	34
		_CAN1_RX_FIFO_Configuration		CODE           	44EC	0000	18
		_CAN1_RX_FIFO_ResetInfo		CODE           	4436	0000	40
		_CAN1_OperationModeSet		CODE           	40FA	0000	134

mcc_generated_files/can1.c estimated size: 358

test.c
		_led_test      		CODE           	4012	0000	232

test.c estimated size: 232

mcc_generated_files/pwm2_16bit.c
		_PWM2_16BIT_Period_SetInterruptHandler		CODE           	4528	0000	14
		_PWM2_16BIT_Slice1Output1_SetInterruptHandler		CODE           	451A	0000	14
		_PWM2_16BIT_Slice1Output2_SetInterruptHandler		CODE           	450C	0000	14
		_PWM2_16BIT_Initialize		CODE           	41FE	0000	108

mcc_generated_files/pwm2_16bit.c estimated size: 150

mcc_generated_files/pin_manager.c
		_PIN_MANAGER_Initialize		CODE           	432A	0000	82

mcc_generated_files/pin_manager.c estimated size: 82

mcc_generated_files/adc.c
		_ADC_Initialize		CODE           	4180	0000	126
		_ADC_SetActiveClockTuningInterruptHandler		CODE           	456E	0000	14
		_ADC_SetADIInterruptHandler		CODE           	457C	0000	14
		_ADC_SetContext1ThresholdInterruptHandler		CODE           	4560	0000	14

mcc_generated_files/adc.c estimated size: 168

mcc_generated_files/pwm1_16bit.c
		_PWM1_16BIT_Period_SetInterruptHandler		CODE           	4552	0000	14
		_PWM1_16BIT_Slice1Output1_SetInterruptHandler		CODE           	4544	0000	14
		_PWM1_16BIT_Slice1Output2_SetInterruptHandler		CODE           	4536	0000	14
		_PWM1_16BIT_Initialize		CODE           	426A	0000	108

mcc_generated_files/pwm1_16bit.c estimated size: 150

shared
		_FIFO          		SMALLCONST     	0000	0000	0
		_DLC_BYTES     		SMALLCONST     	4001	0000	9
		__initialization		CODE           	43C0	0000	56
		_DUTY_CYCLE_STEP		SMALLCONST     	400A	0000	4

shared estimated size: 69

mcc_generated_files/mcc.c
		_PMD_Initialize		CODE           	449E	0000	22
		_OSCILLATOR_Initialize		CODE           	44C8	0000	18
		_SYSTEM_Initialize		CODE           	4480	0000	30

mcc_generated_files/mcc.c estimated size: 70

C:\Program Files\Microchip\xc8\v3.00\pic\sources\c99\common\memset.c
		_memset        		CODE           	43FE	0000	56

C:\Program Files\Microchip\xc8\v3.00\pic\sources\c99\common\memset.c estimated size: 56

main.c
		_main          		CODE           	437C	0000	68

main.c estimated size: 68

